[31m[Nest] 15548  - [39m2026/08/11 00:13:07 [31m  ERROR[39m [38;5;3m[NestApplication] [39m[31mError: listen EADDRINUSE: address already in use :::3001[39m[38;5;3m +2ms[39m
node:net:1940
    const ex = new UVExceptionWithHostPort(err, 'listen', address, port);
               ^

Error: listen EADDRINUSE: address already in use :::3001
    at Server.setupListenHandle [as _listen2] (node:net:1940:16)
    at listenInCluster (node:net:1997:12)
    at Server.listen (node:net:2102:7)
    at ExpressAdapter.listen (D:\rongcheng-admin\server\node_modules\@nestjs\platform-express\adapters\express-adapter.js:95:32)
    at D:\rongcheng-admin\server\node_modules\@nestjs\core\nest-application.js:183:30
    at new Promise (<anonymous>)
    at NestApplication.listen (D:\rongcheng-admin\server\node_modules\@nestjs\core\nest-application.js:173:16)
    at async bootstrap (D:\rongcheng-admin\server\dist\src\main.js:36:5) {
  code: 'EADDRINUSE',
  errno: -4091,
  syscall: 'listen',
  address: '::',
  port: 3001
}

Node.js v22.22.3
